C51 COMPILER V9.57.0.0   MAIN                                                              05/22/2024 18:44:20 PAGE 1   


C51 COMPILER V9.57.0.0, COMPILATION OF MODULE MAIN
OBJECT MODULE PLACED IN .\Objects\main.obj
COMPILER INVOKED BY: D:\Keli51\C51\BIN\C51.EXE main.c OPTIMIZE(8,SPEED) BROWSE DEBUG OBJECTEXTEND PRINT(.\Listings\main.
                    -lst) TABS(2) OBJECT(.\Objects\main.obj)

line level    source

   1          #include <STC15F2K60S2.H>
   2          #include "iic.h"
   3          #include "smg.h"
   4          #include "ulwave.h"
   5          
   6          sbit s4=P3^3;sbit s5=P3^2;sbit s6=P3^1;sbit s7=P3^0;
   7          unsigned int set_f=9000, now_f, now_d, cnt_f, cnt, t_press; 
   8          unsigned char now_wet, set_wet=40, set_d=60, old_DA_output, Y5_stat=0x00, old_Y5_stat, old_led_stat, led_s
             -tat=0xff, relay_stat=0, relay_times;
   9          unsigned char dp_mode=1, dw=0 , set_dp_mode=1;
  10          
  11          void init_timer()
  12          {
  13   1        TMOD=0x06;
  14   1        TH0=255;
  15   1        TL0=255;
  16   1        T2H=(65535-200)/256;
  17   1        T2L=(65535-200)%256;
  18   1        EA=1;
  19   1        ET0=1;
  20   1        IE2=0x04;
  21   1        AUXR=AUXR&0x23|0x10;
  22   1        TR0=1;
  23   1      }
  24          void servicet0() interrupt 1
  25          {
  26   1        ++cnt_f;
  27   1      }
  28          void led()
  29          {
  30   1        if(now_f>set_f) led_stat&=0xf7;
  31   1        else led_stat=led_stat&0xf7|0x08;
  32   1        if(now_wet>set_wet) led_stat&=0xef;
  33   1        else led_stat=led_stat&0xef|0x10;
  34   1        if(now_d>set_d) led_stat&=0xdf;
  35   1        else led_stat=led_stat&0xdf|0x20;
  36   1        switch(dp_mode)
  37   1        {
  38   2          case 1:
  39   2            led_stat&=0xfe;
  40   2            led_stat=led_stat&0xfb|0x04;
  41   2            break;
  42   2          case 2:
  43   2            led_stat&=0xfd;
  44   2            led_stat=led_stat&0xfe|0x01;
  45   2            break;
  46   2          case 3:
  47   2            led_stat&=0xfb;
  48   2            led_stat=led_stat&0xfd|0x02;
  49   2            break;
  50   2          case 4:
  51   2            if(set_dp_mode==1)
  52   2              led_stat=(led_stat|0x01)&((~led_stat)|0xfe);
  53   2            else
C51 COMPILER V9.57.0.0   MAIN                                                              05/22/2024 18:44:20 PAGE 2   

  54   2              led_stat=led_stat&0xfe|0x01;
  55   2            if(set_dp_mode==2)
  56   2              led_stat=(led_stat|0x02)&((~led_stat)|0xfd);
  57   2            else
  58   2              led_stat=led_stat&0xfd|0x02;
  59   2            if(set_dp_mode==3)
  60   2              led_stat=(led_stat|0x04)&((~led_stat)|0xfb);
  61   2            else
  62   2              led_stat=led_stat&0xfb|0x04;
  63   2            break;
  64   2        }
  65   1        if(led_stat!=old_led_stat)
  66   1        {
  67   2          latch(4,led_stat);
  68   2          old_led_stat=led_stat;
  69   2        }
  70   1      }
  71          void servicet2() interrupt 12
  72          {
  73   1        unsigned char DA_output;
  74   1        if(cnt<0xffffffff) ++cnt;
  75   1        else cnt=0;
  76   1        if(t_press<6000) ++t_press;
  77   1        else t_press=0;
  78   1        if(now_f>set_f)  //0.1ms
  79   1        {
  80   2          if(cnt_f%5<=3)
  81   2            Y5_stat=Y5_stat&0xdf|0x20;
  82   2          else
  83   2            Y5_stat&=0xdf;
  84   2        }
  85   1        else
  86   1        {
  87   2          if(cnt_f%5<=3)
  88   2            Y5_stat&=0xdf;
  89   2          else
  90   2            Y5_stat=Y5_stat&0xdf|0x20;
  91   2        } 
  92   1        if(cnt%500==0) //0.1s
  93   1          led();
  94   1        if(cnt%1000==0) //200ms
  95   1        {
  96   2          if(now_d>set_d)
  97   2          {
  98   3            if(relay_stat==0)
  99   3            {
 100   4              ++relay_times;
 101   4              AT_write(relay_times);
 102   4            }
 103   3            relay_stat=1;
 104   3            Y5_stat=Y5_stat&0xef|0x10;
 105   3          }
 106   2          else
 107   2          {
 108   3            relay_stat=0;
 109   3            Y5_stat=Y5_stat&0xef;
 110   3          }
 111   2          now_wet=1.0*AD_read()/51*20;
 112   2          if(now_wet<=set_wet) 
 113   2            DA_output=1*51;
 114   2          if(now_wet>set_wet&&now_wet<80)
 115   2            DA_output=(now_wet*4.0/(80-set_wet)+(80.0-5*set_wet)/(80-set_wet))*51.0;
C51 COMPILER V9.57.0.0   MAIN                                                              05/22/2024 18:44:20 PAGE 3   

 116   2          if(now_wet>=80)
 117   2            DA_output=5*51;
 118   2          if(DA_output!=old_DA_output)
 119   2          {
 120   3            DA_write(DA_output);
 121   3            old_DA_output=DA_output;
 122   3          }
 123   2        } 
 124   1        if(Y5_stat!=old_Y5_stat)
 125   1        {
 126   2          latch(5,Y5_stat);
 127   2          old_Y5_stat=Y5_stat;
 128   2        }
 129   1        if(cnt%2500==0) //500ms
 130   1        {
 131   2          now_f=cnt_f*2;
 132   2          cnt_f=0;
 133   2          now_d=data_utwave();
 134   2        }
 135   1      }
 136          void display()
 137          {
 138   1        switch(dp_mode)
 139   1        {
 140   2          case 1://Hz
 141   2            smg(1,11);
 142   2            if(dw==0)
 143   2            {
 144   3              if(now_f>=100000) smg(3,now_f/100000);
 145   3              if(now_f>=10000) smg(4,(now_f/10000)%10);
 146   3              if(now_f>=1000) smg(5,(now_f/1000)%10);
 147   3              if(now_f>=100) smg(6,(now_f/100)%10);
 148   3              if(now_f>=10) smg(7,(now_f/10)%10);
 149   3              smg(8,now_f%10);
 150   3            }
 151   2            else
 152   2            {
 153   3              if(now_f>=100000) smg(5,now_f/100000);
 154   3              if(now_f>=10000) smg(6,(now_f/10000)%10);
 155   3              smg_p(7,(now_f/1000)%10);
 156   3              smg(8,(now_f/100)%10);
 157   3            }
 158   2            break;
 159   2          case 2://wet
 160   2            smg(1,12);
 161   2            if(now_wet>=10) smg(7,now_wet/10);
 162   2            smg(8,now_wet%10);
 163   2            break;
 164   2          case 3://distance
 165   2            smg(1,10);
 166   2            if(dw==0)
 167   2            {
 168   3              if(now_d>=100) smg(6,now_d/100);
 169   3              if(now_d>=10) smg(7,(now_d/10)%10);
 170   3              smg(8,now_d%10);
 171   3            }
 172   2            else
 173   2            {
 174   3              smg_p(6,now_d/100);
 175   3              smg(7,(now_d/10)%10);
 176   3              smg(8,now_d%10);
 177   3            }
C51 COMPILER V9.57.0.0   MAIN                                                              05/22/2024 18:44:20 PAGE 4   

 178   2            break;
 179   2          case 4:
 180   2            smg(1,13);
 181   2            if(set_dp_mode==1)
 182   2            {
 183   3              smg(2,1);
 184   3              if(set_f>=10000) smg(6,set_f/10000);
 185   3              smg_p(7,(set_f/1000)%10);
 186   3              smg(8,(set_f/100)%10);
 187   3            }
 188   2            if(set_dp_mode==2)
 189   2            {
 190   3              smg(2,2);
 191   3              smg(7,set_wet/10);
 192   3              smg(8,set_wet%10);
 193   3            }
 194   2            if(set_dp_mode==3)
 195   2            {
 196   3              smg(2,3);
 197   3              smg_p(7,set_d/100);
 198   3              smg(8,(set_d/10)%10);
 199   3            }
 200   2            break;
 201   2          }
 202   1      }
 203          void check()
 204          {
 205   1        if(s4==0)
 206   1        {
 207   2          if(dp_mode<4) ++dp_mode;
 208   2          else dp_mode=1;
 209   2          set_dp_mode=1;
 210   2          dw=0;
 211   2          while(s4==0)
 212   2            display();
 213   2        }
 214   1        if(s5==0&&dp_mode==4)
 215   1        {
 216   2          if(set_dp_mode<3) ++set_dp_mode;
 217   2          else set_dp_mode=1;
 218   2          while(s5==0)
 219   2            display();
 220   2        }
 221   1        if(s6==0&&(dp_mode==4||dp_mode==3))
 222   1        {
 223   2          if(dp_mode==4)
 224   2          {
 225   3            if(set_dp_mode==1)
 226   3            {
 227   4              if(set_f<12000) set_f+=500;
 228   4              else set_f=1000;
 229   4            }
 230   3            if(set_dp_mode==2)
 231   3            {
 232   4              if(set_wet<60) set_wet+=10;
 233   4              else set_wet=10;
 234   4            }
 235   3            if(set_dp_mode==3)
 236   3            {
 237   4              if(set_d<120) set_d+=10;
 238   4              else set_d=10;
 239   4            }
C51 COMPILER V9.57.0.0   MAIN                                                              05/22/2024 18:44:20 PAGE 5   

 240   3          }
 241   2          else
 242   2            dw=dw ? 0 : 1 ;
 243   2          while(s6==0)
 244   2            display();
 245   2        }
 246   1        if(s7==0&&dp_mode!=3)
 247   1        {
 248   2          if(dp_mode==4)
 249   2          {
 250   3            if(set_dp_mode==1)
 251   3            {
 252   4              if(set_f>1000) set_f-=500;
 253   4              else set_f=12000;
 254   4            }
 255   3            if(set_dp_mode==2)
 256   3            {
 257   4              if(set_wet>10) set_wet-=10;
 258   4              else set_wet=60;
 259   4            }
 260   3            if(set_dp_mode==3)
 261   3            {
 262   4              if(set_d>10) set_d-=10;
 263   4              else set_d=120;
 264   4            }
 265   3          }
 266   2          else
 267   2            dw=dw ? 0 : 1 ;
 268   2          t_press=0;
 269   2          while(s7==0)
 270   2            display();
 271   2          if(t_press>=5000&&dp_mode==2)
 272   2          {
 273   3            relay_times=0;
 274   3            AT_write(0);
 275   3          }
 276   2        }
 277   1      }
 278          void init_set()
 279          {
 280   1        relay_times=AT_read();
 281   1        latch(4,0xff);
 282   1        latch(5,0x00);
 283   1      }
 284          void main()
 285          {
 286   1        init_set();
 287   1        init_timer();
 288   1        while(1)
 289   1        {
 290   2          display();
 291   2          check();
 292   2        }
 293   1      }


MODULE INFORMATION:   STATIC OVERLAYABLE
   CODE SIZE        =   1880    ----
   CONSTANT SIZE    =   ----    ----
   XDATA SIZE       =   ----    ----
   PDATA SIZE       =   ----    ----
   DATA SIZE        =     25       1
C51 COMPILER V9.57.0.0   MAIN                                                              05/22/2024 18:44:20 PAGE 6   

   IDATA SIZE       =   ----    ----
   BIT SIZE         =   ----    ----
END OF MODULE INFORMATION.


C51 COMPILATION COMPLETE.  0 WARNING(S),  0 ERROR(S)
